Archive member included to satisfy reference by file (symbol)

c:/program files (x86)/atmel/studio/7.0/toolchain/avr8/avr8-gnu-toolchain/bin/../lib/gcc/avr/5.4.0/../../../../avr/lib/avrxmega2\libm.a(addsf3.o)
                              Serial/xprintf.o (__subsf3)
c:/program files (x86)/atmel/studio/7.0/toolchain/avr8/avr8-gnu-toolchain/bin/../lib/gcc/avr/5.4.0/../../../../avr/lib/avrxmega2\libm.a(addsf3x.o)
                              c:/program files (x86)/atmel/studio/7.0/toolchain/avr8/avr8-gnu-toolchain/bin/../lib/gcc/avr/5.4.0/../../../../avr/lib/avrxmega2\libm.a(addsf3.o) (__addsf3x)
c:/program files (x86)/atmel/studio/7.0/toolchain/avr8/avr8-gnu-toolchain/bin/../lib/gcc/avr/5.4.0/../../../../avr/lib/avrxmega2\libm.a(cmpsf2.o)
                              Serial/xprintf.o (__nesf2)
c:/program files (x86)/atmel/studio/7.0/toolchain/avr8/avr8-gnu-toolchain/bin/../lib/gcc/avr/5.4.0/../../../../avr/lib/avrxmega2\libm.a(divsf3.o)
                              Middleware/ParamXchanger.o (__divsf3)
c:/program files (x86)/atmel/studio/7.0/toolchain/avr8/avr8-gnu-toolchain/bin/../lib/gcc/avr/5.4.0/../../../../avr/lib/avrxmega2\libm.a(divsf3x.o)
                              c:/program files (x86)/atmel/studio/7.0/toolchain/avr8/avr8-gnu-toolchain/bin/../lib/gcc/avr/5.4.0/../../../../avr/lib/avrxmega2\libm.a(divsf3.o) (__divsf3x)
c:/program files (x86)/atmel/studio/7.0/toolchain/avr8/avr8-gnu-toolchain/bin/../lib/gcc/avr/5.4.0/../../../../avr/lib/avrxmega2\libm.a(fixsfsi.o)
                              Serial/xprintf.o (__fixsfsi)
c:/program files (x86)/atmel/studio/7.0/toolchain/avr8/avr8-gnu-toolchain/bin/../lib/gcc/avr/5.4.0/../../../../avr/lib/avrxmega2\libm.a(fixunssfsi.o)
                              Middleware/ParamXchanger.o (__fixunssfsi)
c:/program files (x86)/atmel/studio/7.0/toolchain/avr8/avr8-gnu-toolchain/bin/../lib/gcc/avr/5.4.0/../../../../avr/lib/avrxmega2\libm.a(floatsisf.o)
                              Middleware/ParamXchanger.o (__floatunsisf)
c:/program files (x86)/atmel/studio/7.0/toolchain/avr8/avr8-gnu-toolchain/bin/../lib/gcc/avr/5.4.0/../../../../avr/lib/avrxmega2\libm.a(fp_cmp.o)
                              c:/program files (x86)/atmel/studio/7.0/toolchain/avr8/avr8-gnu-toolchain/bin/../lib/gcc/avr/5.4.0/../../../../avr/lib/avrxmega2\libm.a(cmpsf2.o) (__fp_cmp)
c:/program files (x86)/atmel/studio/7.0/toolchain/avr8/avr8-gnu-toolchain/bin/../lib/gcc/avr/5.4.0/../../../../avr/lib/avrxmega2\libm.a(fp_inf.o)
                              c:/program files (x86)/atmel/studio/7.0/toolchain/avr8/avr8-gnu-toolchain/bin/../lib/gcc/avr/5.4.0/../../../../avr/lib/avrxmega2\libm.a(addsf3x.o) (__fp_inf)
c:/program files (x86)/atmel/studio/7.0/toolchain/avr8/avr8-gnu-toolchain/bin/../lib/gcc/avr/5.4.0/../../../../avr/lib/avrxmega2\libm.a(fp_nan.o)
                              c:/program files (x86)/atmel/studio/7.0/toolchain/avr8/avr8-gnu-toolchain/bin/../lib/gcc/avr/5.4.0/../../../../avr/lib/avrxmega2\libm.a(addsf3x.o) (__fp_nan)
c:/program files (x86)/atmel/studio/7.0/toolchain/avr8/avr8-gnu-toolchain/bin/../lib/gcc/avr/5.4.0/../../../../avr/lib/avrxmega2\libm.a(fp_pscA.o)
                              c:/program files (x86)/atmel/studio/7.0/toolchain/avr8/avr8-gnu-toolchain/bin/../lib/gcc/avr/5.4.0/../../../../avr/lib/avrxmega2\libm.a(addsf3x.o) (__fp_pscA)
c:/program files (x86)/atmel/studio/7.0/toolchain/avr8/avr8-gnu-toolchain/bin/../lib/gcc/avr/5.4.0/../../../../avr/lib/avrxmega2\libm.a(fp_pscB.o)
                              c:/program files (x86)/atmel/studio/7.0/toolchain/avr8/avr8-gnu-toolchain/bin/../lib/gcc/avr/5.4.0/../../../../avr/lib/avrxmega2\libm.a(addsf3x.o) (__fp_pscB)
c:/program files (x86)/atmel/studio/7.0/toolchain/avr8/avr8-gnu-toolchain/bin/../lib/gcc/avr/5.4.0/../../../../avr/lib/avrxmega2\libm.a(fp_round.o)
                              c:/program files (x86)/atmel/studio/7.0/toolchain/avr8/avr8-gnu-toolchain/bin/../lib/gcc/avr/5.4.0/../../../../avr/lib/avrxmega2\libm.a(addsf3.o) (__fp_round)
c:/program files (x86)/atmel/studio/7.0/toolchain/avr8/avr8-gnu-toolchain/bin/../lib/gcc/avr/5.4.0/../../../../avr/lib/avrxmega2\libm.a(fp_split3.o)
                              c:/program files (x86)/atmel/studio/7.0/toolchain/avr8/avr8-gnu-toolchain/bin/../lib/gcc/avr/5.4.0/../../../../avr/lib/avrxmega2\libm.a(addsf3x.o) (__fp_split3)
c:/program files (x86)/atmel/studio/7.0/toolchain/avr8/avr8-gnu-toolchain/bin/../lib/gcc/avr/5.4.0/../../../../avr/lib/avrxmega2\libm.a(fp_zero.o)
                              c:/program files (x86)/atmel/studio/7.0/toolchain/avr8/avr8-gnu-toolchain/bin/../lib/gcc/avr/5.4.0/../../../../avr/lib/avrxmega2\libm.a(addsf3x.o) (__fp_zero)
c:/program files (x86)/atmel/studio/7.0/toolchain/avr8/avr8-gnu-toolchain/bin/../lib/gcc/avr/5.4.0/../../../../avr/lib/avrxmega2\libm.a(gesf2.o)
                              Serial/xprintf.o (__gesf2)
[...]
Memory Configuration

Name             Origin             Length             Attributes
text             0x00000000         0x00009000         xr
data             0x00802000         0x00001000         rw !x
eeprom           0x00810000         0x00000400         rw !x
fuse             0x00820000         0x00000006         rw !x
lock             0x00830000         0x00000400         rw !x
signature        0x00840000         0x00000400         rw !x
user_signatures  0x00850000         0x00000400         rw !x
*default*        0x00000000         0xffffffff

Linker script and memory map

LOAD C:/Program Files (x86)/Atmel/Studio/7.0/Packs/atmel/XMEGAD_DFP/1.2.120/gcc/dev/atxmega32d4/avrxmega2/crtatxmega32d4.o
LOAD main.o
LOAD Middleware/ParamXchanger.o
LOAD Middleware/SysExProcessor.o
LOAD Middleware/VoiceAssigner.o
LOAD MIDI/MIDIParser.o
LOAD Serial/SerialCtrl.o
LOAD Serial/xprintf.o
LOAD YMF288/BusCtrl.o
LOAD YMF288/FMCtrl.o
LOAD YMF288/RegCtrl.o
LOAD YMF288/RhythmCtrl.o
LOAD YMF288/ScaleXform.o
LOAD YMF288/SSGCtrl.o
LOAD YMF288/TimbreMgr.o
LOAD YMF288/YMF288.o
START GROUP
LOAD c:/program files (x86)/atmel/studio/7.0/toolchain/avr8/avr8-gnu-toolchain/bin/../lib/gcc/avr/5.4.0/../../../../avr/lib/avrxmega2\libm.a
END GROUP
START GROUP
LOAD c:/program files (x86)/atmel/studio/7.0/toolchain/avr8/avr8-gnu-toolchain/bin/../lib/gcc/avr/5.4.0/avrxmega2\libgcc.a
LOAD c:/program files (x86)/atmel/studio/7.0/toolchain/avr8/avr8-gnu-toolchain/bin/../lib/gcc/avr/5.4.0/../../../../avr/lib/avrxmega2\libm.a
LOAD c:/program files (x86)/atmel/studio/7.0/toolchain/avr8/avr8-gnu-toolchain/bin/../lib/gcc/avr/5.4.0/../../../../avr/lib/avrxmega2\libc.a
LOAD C:/Program Files (x86)/Atmel/Studio/7.0/Packs/atmel/XMEGAD_DFP/1.2.120/gcc/dev/atxmega32d4/avrxmega2\libatxmega32d4.a
END GROUP
                [0x00000000]                __TEXT_REGION_ORIGIN__ = DEFINED (__TEXT_REGION_ORIGIN__)?__TEXT_REGION_ORIGIN__:0x0
                [0x00802000]                __DATA_REGION_ORIGIN__ = DEFINED (__DATA_REGION_ORIGIN__)?__DATA_REGION_ORIGIN__:0x802000
                [0x00009000]                __TEXT_REGION_LENGTH__ = DEFINED (__TEXT_REGION_LENGTH__)?__TEXT_REGION_LENGTH__:0x100000
                [0x00001000]                __DATA_REGION_LENGTH__ = DEFINED (__DATA_REGION_LENGTH__)?__DATA_REGION_LENGTH__:0xffa0
                [0x00000400]                __EEPROM_REGION_LENGTH__ = DEFINED (__EEPROM_REGION_LENGTH__)?__EEPROM_REGION_LENGTH__:0x10000
                [0x00000006]                __FUSE_REGION_LENGTH__ = DEFINED (__FUSE_REGION_LENGTH__)?__FUSE_REGION_LENGTH__:0x400
                0x00000400                __LOCK_REGION_LENGTH__ = DEFINED (__LOCK_REGION_LENGTH__)?__LOCK_REGION_LENGTH__:0x400
                0x00000400                __SIGNATURE_REGION_LENGTH__ = DEFINED (__SIGNATURE_REGION_LENGTH__)?__SIGNATURE_REGION_LENGTH__:0x400
                0x00000400                __USER_SIGNATURE_REGION_LENGTH__ = DEFINED (__USER_SIGNATURE_REGION_LENGTH__)?__USER_SIGNATURE_REGION_LENGTH__:0x400

.hash
 *(.hash)

.dynsym
 *(.dynsym)

.dynstr
 *(.dynstr)

.gnu.version
 *(.gnu.version)

.gnu.version_d
 *(.gnu.version_d)

.gnu.version_r
 *(.gnu.version_r)

.rel.init
 *(.rel.init)

.rela.init
 *(.rela.init)

.rel.text
 *(.rel.text)
 *(.rel.text.*)
 *(.rel.gnu.linkonce.t*)

.rela.text
 *(.rela.text)
 *(.rela.text.*)
 *(.rela.gnu.linkonce.t*)

.rel.fini
 *(.rel.fini)

.rela.fini
 *(.rela.fini)

.rel.rodata
 *(.rel.rodata)
 *(.rel.rodata.*)
 *(.rel.gnu.linkonce.r*)

.rela.rodata
 *(.rela.rodata)
 *(.rela.rodata.*)
 *(.rela.gnu.linkonce.r*)

.rel.data
 *(.rel.data)
 *(.rel.data.*)
 *(.rel.gnu.linkonce.d*)

.rela.data
 *(.rela.data)
 *(.rela.data.*)
 *(.rela.gnu.linkonce.d*)

.rel.ctors
 *(.rel.ctors)

.rela.ctors
 *(.rela.ctors)

.rel.dtors
 *(.rel.dtors)

.rela.dtors
 *(.rela.dtors)

.rel.got
 *(.rel.got)

.rela.got
 *(.rela.got)

.rel.bss
 *(.rel.bss)

.rela.bss
 *(.rela.bss)

.rel.plt
 *(.rel.plt)

.rela.plt
 *(.rela.plt)

.text           0x00000000     0x4188
 *(.vectors)
 .vectors       0x00000000      0x16c C:/Program Files (x86)/Atmel/Studio/7.0/Packs/atmel/XMEGAD_DFP/1.2.120/gcc/dev/atxmega32d4/avrxmega2/crtatxmega32d4.o
                0x00000000                __vector_default
                0x00000000                __vectors
 *(.vectors)
 *(.progmem.gcc*)
 .progmem.gcc_sw_table.xvfprintf
                0x0000016c       0x68 Serial/xprintf.o
                0x000001d4                . = ALIGN (0x2)
                0x000001d4                __trampolines_start = .
 *(.trampolines)
 .trampolines   0x000001d4        0x0 linker stubs
 *(.trampolines*)
                0x000001d4                __trampolines_end = .
 *libprintf_flt.a:*(.progmem.data)
 *libc.a:*(.progmem.data)
 *(.progmem*)
 .progmem.data.psg_tone_table
                0x000001d4      0x600 YMF288/ScaleXform.o
                0x000001d4                psg_tone_table
 .progmem.data.fm_tone_table
                0x000007d4      0x600 YMF288/ScaleXform.o
                0x000007d4                fm_tone_table
                0x00000dd4                . = ALIGN (0x2)
 *(.jumptables)
 *(.jumptables*)
 *(.lowtext)
 *(.lowtext*)
                0x00000dd4                __ctors_start = .
 *(.ctors)
                0x00000dd4                __ctors_end = .
                0x00000dd4                __dtors_start = .
 *(.dtors)
                0x00000dd4                __dtors_end = .
 SORT(*)(.ctors)
 SORT(*)(.dtors)
 *(.init0)
 .init0         0x00000dd4        0x0 C:/Program Files (x86)/Atmel/Studio/7.0/Packs/atmel/XMEGAD_DFP/1.2.120/gcc/dev/atxmega32d4/avrxmega2/crtatxmega32d4.o
                0x00000dd4                __init
 *(.init0)
 *(.init1)
 *(.init1)
 *(.init2)
 .init2         0x00000dd4        0xc C:/Program Files (x86)/Atmel/Studio/7.0/Packs/atmel/XMEGAD_DFP/1.2.120/gcc/dev/atxmega32d4/avrxmega2/crtatxmega32d4.o
 *(.init2)
 *(.init3)
 *(.init3)
 *(.init4)
 .init4         0x00000de0       0x16 c:/program files (x86)/atmel/studio/7.0/toolchain/avr8/avr8-gnu-toolchain/bin/../lib/gcc/avr/5.4.0/avrxmega2\libgcc.a(_copy_data.o)
                0x00000de0                __do_copy_data
 .init4         0x00000df6       0x10 c:/program files (x86)/atmel/studio/7.0/toolchain/avr8/avr8-gnu-toolchain/bin/../lib/gcc/avr/5.4.0/avrxmega2\libgcc.a(_clear_bss.o)
                0x00000df6                __do_clear_bss
 *(.init4)
 *(.init5)
 *(.init5)
 *(.init6)
 *(.init6)
 *(.init7)
 *(.init7)
 *(.init8)
 *(.init8)
 *(.init9)
 .init9         0x00000e06        0x8 C:/Program Files (x86)/Atmel/Studio/7.0/Packs/atmel/XMEGAD_DFP/1.2.120/gcc/dev/atxmega32d4/avrxmega2/crtatxmega32d4.o
 *(.init9)
 *(.text)
 .text          0x00000e0e        0x4 C:/Program Files (x86)/Atmel/Studio/7.0/Packs/atmel/XMEGAD_DFP/1.2.120/gcc/dev/atxmega32d4/avrxmega2/crtatxmega32d4.o
                0x00000e0e                __vector_38
                0x00000e0e                __vector_22
                0x00000e0e                __vector_63
                0x00000e0e                __vector_28
                0x00000e0e                __vector_67
                0x00000e0e                __vector_1
                0x00000e0e                __vector_32
                0x00000e0e                __vector_75
                0x00000e0e                __vector_71
                0x00000e0e                __vector_34
                0x00000e0e                __vector_62
                0x00000e0e                __vector_77
                0x00000e0e                __vector_24
                0x00000e0e                __vector_12
                0x00000e0e                __vector_55
                0x00000e0e                __vector_69
                0x00000e0e                __vector_81
                0x00000e0e                __vector_90
                0x00000e0e                __vector_46
                0x00000e0e                __bad_interrupt
                0x00000e0e                __vector_72
                0x00000e0e                __vector_6
                0x00000e0e                __vector_31
                0x00000e0e                __vector_35
                0x00000e0e                __vector_78
                0x00000e0e                __vector_74
                0x00000e0e                __vector_39
                0x00000e0e                __vector_3
                0x00000e0e                __vector_23
                0x00000e0e                __vector_68
                0x00000e0e                __vector_30
                0x00000e0e                __vector_73
                0x00000e0e                __vector_45
                0x00000e0e                __vector_61
                0x00000e0e                __vector_11
                0x00000e0e                __vector_54
                0x00000e0e                __vector_13
                0x00000e0e                __vector_17
                0x00000e0e                __vector_19
                0x00000e0e                __vector_56
                0x00000e0e                __vector_7
                0x00000e0e                __vector_49
                0x00000e0e                __vector_41
                0x00000e0e                __vector_86
                0x00000e0e                __vector_64
                0x00000e0e                __vector_43
                0x00000e0e                __vector_27
                0x00000e0e                __vector_5
                0x00000e0e                __vector_33
                0x00000e0e                __vector_76
                0x00000e0e                __vector_47
                0x00000e0e                __vector_52
                0x00000e0e                __vector_37
                0x00000e0e                __vector_89
                0x00000e0e                __vector_4
                0x00000e0e                __vector_44
                0x00000e0e                __vector_82
                0x00000e0e                __vector_51
                0x00000e0e                __vector_9
                0x00000e0e                __vector_2
                0x00000e0e                __vector_21
                0x00000e0e                __vector_15
                0x00000e0e                __vector_66
                0x00000e0e                __vector_36
                0x00000e0e                __vector_79
                0x00000e0e                __vector_58
                0x00000e0e                __vector_70
                0x00000e0e                __vector_83
                0x00000e0e                __vector_29
                0x00000e0e                __vector_60
                0x00000e0e                __vector_40
                0x00000e0e                __vector_85
                0x00000e0e                __vector_8
                0x00000e0e                __vector_26
                0x00000e0e                __vector_48
                0x00000e0e                __vector_80
                0x00000e0e                __vector_14
                0x00000e0e                __vector_84
                0x00000e0e                __vector_57
                0x00000e0e                __vector_53
                0x00000e0e                __vector_10
                0x00000e0e                __vector_50
                0x00000e0e                __vector_16
                0x00000e0e                __vector_59
                0x00000e0e                __vector_18
                0x00000e0e                __vector_20
                0x00000e0e                __vector_42
                0x00000e0e                __vector_87
                0x00000e0e                __vector_65
                0x00000e12                . = ALIGN (0x2)
 *(.text.*)
 .text.testOn   0x00000e12       0x20 main.o
                0x00000e12                testOn
 .text.testOff  0x00000e32        0xa main.o
                0x00000e32                testOff
 .text.testCtrl
                0x00000e3c        0xe main.o
                0x00000e3c                testCtrl
 .text.testPb   0x00000e4a        0xe main.o
                0x00000e4a                testPb
 .text.testPgm  0x00000e58        0x8 main.o
                0x00000e58                testPgm
 .text.testSysEx
                0x00000e60       0x18 main.o
                0x00000e60                testSysEx
 .text.playInitSound
                0x00000e78       0x62 main.o
                0x00000e78                playInitSound
 .text.initClk  0x00000eda       0x1e main.o
                0x00000eda                initClk
 .text.main     0x00000ef8       0x94 main.o
                0x00000ef8                main
 .text.PX_Init  0x00000f8c       0xda Middleware/ParamXchanger.o
                0x00000f8c                PX_Init
 .text.PX_ChangeVolume
                0x00001066       0xe8 Middleware/ParamXchanger.o
                0x00001066                PX_ChangeVolume
 .text.PX_ChangePan
                0x0000114e       0x86 Middleware/ParamXchanger.o
                0x0000114e                PX_ChangePan
 .text.PX_NoteOff
                0x000011d4       0x24 Middleware/ParamXchanger.o
                0x000011d4                PX_NoteOff
 .text.PX_ControlChange
                0x000011f8      0x288 Middleware/ParamXchanger.o
                0x000011f8                PX_ControlChange
 .text.PX_ProgramChange
                0x00001480      0x1ac Middleware/ParamXchanger.o
                0x00001480                PX_ProgramChange
 .text.PX_PitchBend
                0x0000162c       0xee Middleware/ParamXchanger.o
                0x0000162c                PX_PitchBend
 .text.PX_Drums
                0x0000171a       0xde Middleware/ParamXchanger.o
                0x0000171a                PX_Drums
 .text.PX_NoteOn
                0x000017f8      0x14e Middleware/ParamXchanger.o
                0x000017f8                PX_NoteOn
 .text.PX_SetEnvelopeShape
                0x00001946       0x84 Middleware/ParamXchanger.o
                0x00001946                PX_SetEnvelopeShape
 .text.PX_SetEnvelopeFreq
                0x000019ca       0x64 Middleware/ParamXchanger.o
                0x000019ca                PX_SetEnvelopeFreq
 .text.decode_OriginalExclusive
                0x00001a2e       0xa0 Middleware/SysExProcessor.o
                0x00001a2e                decode_OriginalExclusive
 .text.SEP_Process
                0x00001ace      0x110 Middleware/SysExProcessor.o
                0x00001ace                SEP_Process
 .text.VA_Init  0x00001bde       0x5e Middleware/VoiceAssigner.o
                0x00001bde                VA_Init
 .text.VA_AssignOn
                0x00001c3c      0x16c Middleware/VoiceAssigner.o
                0x00001c3c                VA_AssignOn
 .text.VA_AssignOff
                0x00001da8      0x1fc Middleware/VoiceAssigner.o
                0x00001da8                VA_AssignOff
 .text.VA_AssignSustain
                0x00001fa4      0x12e Middleware/VoiceAssigner.o
                0x00001fa4                VA_AssignSustain
 .text.VA_SearchVoices
                0x000020d2       0x5a Middleware/VoiceAssigner.o
                0x000020d2                VA_SearchVoices
 .text.VA_GetAssignMap
                0x0000212c       0x58 Middleware/VoiceAssigner.o
                0x0000212c                VA_GetAssignMap
 .text.VA_SetAssignMap
                0x00002184       0xee Middleware/VoiceAssigner.o
                0x00002184                VA_SetAssignMap
 .text.MIDI_CallFunctions
                0x00002272      0x12a MIDI/MIDIParser.o
                0x00002272                MIDI_CallFunctions
 .text.MIDI_ParseParam
                0x0000239c       0x7c MIDI/MIDIParser.o
                0x0000239c                MIDI_ParseParam
 .text.MIDI_ParseEvent
                0x00002418       0x2a MIDI/MIDIParser.o
                0x00002418                MIDI_ParseEvent
 .text.MIDI_Parse
                0x00002442       0x3c MIDI/MIDIParser.o
                0x00002442                MIDI_Parse
 .text.DebugWrite
                0x0000247e        0xe Serial/SerialCtrl.o
                0x0000247e                DebugWrite
 .text.DebugRead
                0x0000248c       0x58 Serial/SerialCtrl.o
                0x0000248c                DebugRead
 .text.__vector_25
                0x000024e4       0x74 Serial/SerialCtrl.o
                0x000024e4                __vector_25
 .text.__vector_88
                0x00002558       0x74 Serial/SerialCtrl.o
                0x00002558                __vector_88
 .text.SerialInit_Debug
                0x000025cc       0x68 Serial/SerialCtrl.o
                0x000025cc                SerialInit_Debug
 .text.SerialInit_MIDI
                0x00002634       0x50 Serial/SerialCtrl.o
                0x00002634                SerialInit_MIDI
 .text.MIDIRead
                0x00002684       0x60 Serial/SerialCtrl.o
                0x00002684                MIDIRead
 .text.ilog10   0x000026e4       0xd4 Serial/xprintf.o
 .text.i10x     0x000027b8       0x6c Serial/xprintf.o
 .text.ftoa     0x00002824      0x340 Serial/xprintf.o
 .text.xfputc   0x00002b64       0x4c Serial/xprintf.o
                0x00002b64                xfputc
 .text.xvfprintf
                0x00002bb0      0x6ee Serial/xprintf.o
 .text.xprintf  0x0000329e       0x28 Serial/xprintf.o
                0x0000329e                xprintf
 .text.BusInit  0x000032c6       0x4a YMF288/BusCtrl.o
                0x000032c6                BusInit
 .text.BusXfer  0x00003310       0x3c YMF288/BusCtrl.o
                0x00003310                BusXfer
 .text.FM_Init  0x0000334c       0x1a YMF288/FMCtrl.o
                0x0000334c                FM_Init
 .text.FM_SetDetuneMultiply
                0x00003366       0x5c YMF288/FMCtrl.o
                0x00003366                FM_SetDetuneMultiply
 .text.FM_SetTotalLevel
                0x000033c2       0x52 YMF288/FMCtrl.o
                0x000033c2                FM_SetTotalLevel
 .text.FM_SetKeyscaleAttackrate
                0x00003414       0x5a YMF288/FMCtrl.o
                0x00003414                FM_SetKeyscaleAttackrate
 .text.FM_SetAmDecayrate
                0x0000346e       0x5a YMF288/FMCtrl.o
                0x0000346e                FM_SetAmDecayrate
 .text.FM_SetSustainrate
                0x000034c8       0x52 YMF288/FMCtrl.o
                0x000034c8                FM_SetSustainrate
 .text.FM_SetSustainlevelReleaserate
                0x0000351a       0x5e YMF288/FMCtrl.o
                0x0000351a                FM_SetSustainlevelReleaserate
 .text.FM_SetFNum
                0x00003578       0x98 YMF288/FMCtrl.o
                0x00003578                FM_SetFNum
 .text.FM_SetFeedbackConnection
                0x00003610       0x5a YMF288/FMCtrl.o
                0x00003610                FM_SetFeedbackConnection
 .text.FM_SetOutputchannelAMSPMS
                0x0000366a       0x54 YMF288/FMCtrl.o
                0x0000366a                FM_SetOutputchannelAMSPMS
 .text.FM_Key   0x000036be       0x5e YMF288/FMCtrl.o
                0x000036be                FM_Key
 .text.RegWrite
                0x0000371c       0x4a YMF288/RegCtrl.o
                0x0000371c                RegWrite
 .text.Rhythm_Key
                0x00003766       0x18 YMF288/RhythmCtrl.o
                0x00003766                Rhythm_Key
 .text.Rhythm_SetTotalLevel
                0x0000377e       0x10 YMF288/RhythmCtrl.o
                0x0000377e                Rhythm_SetTotalLevel
 .text.Rhythm_SetInstLevel
                0x0000378e       0x4c YMF288/RhythmCtrl.o
                0x0000378e                Rhythm_SetInstLevel
 .text.getPSGFnum
                0x000037da       0x96 YMF288/ScaleXform.o
                0x000037da                getPSGFnum
 .text.getOPNAFnum
                0x00003870       0x64 YMF288/ScaleXform.o
                0x00003870                getOPNAFnum
 .text.Scale_GetFnumber
                0x000038d4       0x1c YMF288/ScaleXform.o
                0x000038d4                Scale_GetFnumber
 .text.SSG_SetMelodyFreq
                0x000038f0       0x52 YMF288/SSGCtrl.o
                0x000038f0                SSG_SetMelodyFreq
 .text.SSG_SetEnvelopeFreq
                0x00003942       0x24 YMF288/SSGCtrl.o
                0x00003942                SSG_SetEnvelopeFreq
 .text.SSG_SetMixer
                0x00003966        0xc YMF288/SSGCtrl.o
                0x00003966                SSG_SetMixer
 .text.SSG_SetVolume
                0x00003972       0x34 YMF288/SSGCtrl.o
                0x00003972                SSG_SetVolume
 .text.Timbre_RAM_Write
                0x000039a6       0x1a YMF288/TimbreMgr.o
                0x000039a6                Timbre_RAM_Write
 .text.Timbre_EEPROM_Write
                0x000039c0       0x1e YMF288/TimbreMgr.o
                0x000039c0                Timbre_EEPROM_Write
 .text.Timbre_Write
                0x000039de       0x20 YMF288/TimbreMgr.o
                0x000039de                Timbre_Write
 .text.Timbre_RAM_Read
                0x000039fe       0x1a YMF288/TimbreMgr.o
                0x000039fe                Timbre_RAM_Read
 .text.Timbre_EEPROM_Read
                0x00003a18       0x1e YMF288/TimbreMgr.o
                0x00003a18                Timbre_EEPROM_Read
 .text.Timbre_Read
                0x00003a36       0x1a YMF288/TimbreMgr.o
                0x00003a36                Timbre_Read
 .text.avr-libc.fplib
                0x00003a50        0xe c:/program files (x86)/atmel/studio/7.0/toolchain/avr8/avr8-gnu-toolchain/bin/../lib/gcc/avr/5.4.0/../../../../avr/lib/avrxmega2\libm.a(addsf3.o)
                0x00003a50                __subsf3
                0x00003a52                __addsf3
 .text.avr-libc.fplib
                0x00003a5e       0xcc c:/program files (x86)/atmel/studio/7.0/toolchain/avr8/avr8-gnu-toolchain/bin/../lib/gcc/avr/5.4.0/../../../../avr/lib/avrxmega2\libm.a(addsf3x.o)
                0x00003a80                __addsf3x
 .text.avr-libc.fplib
                0x00003b2a        0xa c:/program files (x86)/atmel/studio/7.0/toolchain/avr8/avr8-gnu-toolchain/bin/../lib/gcc/avr/5.4.0/../../../../avr/lib/avrxmega2\libm.a(cmpsf2.o)
                0x00003b2a                __nesf2
                0x00003b2a                __eqsf2
                0x00003b2a                __cmpsf2
                0x00003b2a                __ltsf2
                0x00003b2a                __lesf2
 .text.avr-libc.fplib
                0x00003b34        0x8 c:/program files (x86)/atmel/studio/7.0/toolchain/avr8/avr8-gnu-toolchain/bin/../lib/gcc/avr/5.4.0/../../../../avr/lib/avrxmega2\libm.a(divsf3.o)
                0x00003b34                __divsf3
 .text.avr-libc.fplib
                0x00003b3c       0xdc c:/program files (x86)/atmel/studio/7.0/toolchain/avr8/avr8-gnu-toolchain/bin/../lib/gcc/avr/5.4.0/../../../../avr/lib/avrxmega2\libm.a(divsf3x.o)
                0x00003b5c                __divsf3x
                0x00003b62                __divsf3_pse
 .text.avr-libc.fplib
                0x00003c18        0xe c:/program files (x86)/atmel/studio/7.0/toolchain/avr8/avr8-gnu-toolchain/bin/../lib/gcc/avr/5.4.0/../../../../avr/lib/avrxmega2\libm.a(fixsfsi.o)
                0x00003c18                __fixsfsi
 .text.avr-libc.fplib
                0x00003c26       0x5e c:/program files (x86)/atmel/studio/7.0/toolchain/avr8/avr8-gnu-toolchain/bin/../lib/gcc/avr/5.4.0/../../../../avr/lib/avrxmega2\libm.a(fixunssfsi.o)
                0x00003c26                __fixunssfsi
 .text.avr-libc.fplib
                0x00003c84       0x7a c:/program files (x86)/atmel/studio/7.0/toolchain/avr8/avr8-gnu-toolchain/bin/../lib/gcc/avr/5.4.0/../../../../avr/lib/avrxmega2\libm.a(floatsisf.o)
                0x00003c84                __floatunsisf
                0x00003c88                __floatsisf
 .text.avr-libc.fplib
                0x00003cfe       0x48 c:/program files (x86)/atmel/studio/7.0/toolchain/avr8/avr8-gnu-toolchain/bin/../lib/gcc/avr/5.4.0/../../../../avr/lib/avrxmega2\libm.a(fp_cmp.o)
                0x00003cfe                __fp_cmp
 .text.avr-libc.fplib
                0x00003d46        0xc c:/program files (x86)/atmel/studio/7.0/toolchain/avr8/avr8-gnu-toolchain/bin/../lib/gcc/avr/5.4.0/../../../../avr/lib/avrxmega2\libm.a(fp_inf.o)
                0x00003d46                __fp_inf
 .text.avr-libc.fplib
                0x00003d52        0x6 c:/program files (x86)/atmel/studio/7.0/toolchain/avr8/avr8-gnu-toolchain/bin/../lib/gcc/avr/5.4.0/../../../../avr/lib/avrxmega2\libm.a(fp_nan.o)
                0x00003d52                __fp_nan
 .text.avr-libc.fplib
                0x00003d58        0xe c:/program files (x86)/atmel/studio/7.0/toolchain/avr8/avr8-gnu-toolchain/bin/../lib/gcc/avr/5.4.0/../../../../avr/lib/avrxmega2\libm.a(fp_pscA.o)
                0x00003d58                __fp_pscA
 .text.avr-libc.fplib
                0x00003d66        0xe c:/program files (x86)/atmel/studio/7.0/toolchain/avr8/avr8-gnu-toolchain/bin/../lib/gcc/avr/5.4.0/../../../../avr/lib/avrxmega2\libm.a(fp_pscB.o)
                0x00003d66                __fp_pscB
 .text.avr-libc.fplib
                0x00003d74       0x22 c:/program files (x86)/atmel/studio/7.0/toolchain/avr8/avr8-gnu-toolchain/bin/../lib/gcc/avr/5.4.0/../../../../avr/lib/avrxmega2\libm.a(fp_round.o)
                0x00003d74                __fp_round
 .text.avr-libc.fplib
                0x00003d96       0x44 c:/program files (x86)/atmel/studio/7.0/toolchain/avr8/avr8-gnu-toolchain/bin/../lib/gcc/avr/5.4.0/../../../../avr/lib/avrxmega2\libm.a(fp_split3.o)
                0x00003d96                __fp_split3
                0x00003da6                __fp_splitA
 .text.avr-libc.fplib
                0x00003dda        0xe c:/program files (x86)/atmel/studio/7.0/toolchain/avr8/avr8-gnu-toolchain/bin/../lib/gcc/avr/5.4.0/../../../../avr/lib/avrxmega2\libm.a(fp_zero.o)
                0x00003dda                __fp_zero
                0x00003ddc                __fp_szero
 .text.avr-libc.fplib
                0x00003de8        0xa c:/program files (x86)/atmel/studio/7.0/toolchain/avr8/avr8-gnu-toolchain/bin/../lib/gcc/avr/5.4.0/../../../../avr/lib/avrxmega2\libm.a(gesf2.o)
                0x00003de8                __gesf2
                0x00003de8                __gtsf2
 .text.avr-libc.fplib
                0x00003df2        0x8 c:/program files (x86)/atmel/studio/7.0/toolchain/avr8/avr8-gnu-toolchain/bin/../lib/gcc/avr/5.4.0/../../../../avr/lib/avrxmega2\libm.a(mulsf3.o)
                0x00003df2                __mulsf3
 .text.avr-libc.fplib
                0x00003dfa       0xd2 c:/program files (x86)/atmel/studio/7.0/toolchain/avr8/avr8-gnu-toolchain/bin/../lib/gcc/avr/5.4.0/../../../../avr/lib/avrxmega2\libm.a(mulsf3x.o)
                0x00003e18                __mulsf3x
                0x00003e1e                __mulsf3_pse
 .text.avr-libc.fplib
                0x00003ecc        0xa c:/program files (x86)/atmel/studio/7.0/toolchain/avr8/avr8-gnu-toolchain/bin/../lib/gcc/avr/5.4.0/../../../../avr/lib/avrxmega2\libm.a(unordsf2.o)
                0x00003ecc                __unordsf2
 .text.libgcc.div
                0x00003ed6       0x28 c:/program files (x86)/atmel/studio/7.0/toolchain/avr8/avr8-gnu-toolchain/bin/../lib/gcc/avr/5.4.0/avrxmega2\libgcc.a(_udivmodhi4.o)
                0x00003ed6                __udivmodhi4
 .text.libgcc.div
                0x00003efe       0x28 c:/program files (x86)/atmel/studio/7.0/toolchain/avr8/avr8-gnu-toolchain/bin/../lib/gcc/avr/5.4.0/avrxmega2\libgcc.a(_divmodhi4.o)
                0x00003efe                _div
                0x00003efe                __divmodhi4
 .text.libgcc   0x00003f26        0xc c:/program files (x86)/atmel/studio/7.0/toolchain/avr8/avr8-gnu-toolchain/bin/../lib/gcc/avr/5.4.0/avrxmega2\libgcc.a(_tablejump2.o)
                0x00003f26                __tablejump2__
 .text.libgcc.div
                0x00003f32       0x1c c:/program files (x86)/atmel/studio/7.0/toolchain/avr8/avr8-gnu-toolchain/bin/../lib/gcc/avr/5.4.0/avrxmega2\libgcc.a(_udivdi3.o)
                0x00003f32                __umoddi3
                0x00003f36                __udivdi3
                0x00003f38                __udivdi3_umoddi3
 .text.libgcc.div
                0x00003f4e       0xa2 c:/program files (x86)/atmel/studio/7.0/toolchain/avr8/avr8-gnu-toolchain/bin/../lib/gcc/avr/5.4.0/avrxmega2\libgcc.a(_udivmod64.o)
                0x00003f4e                __udivmod64
 .text.libgcc   0x00003ff0       0x20 c:/program files (x86)/atmel/studio/7.0/toolchain/avr8/avr8-gnu-toolchain/bin/../lib/gcc/avr/5.4.0/avrxmega2\libgcc.a(_negdi2.o)
                0x00003ff0                __negdi2
 .text.libgcc   0x00004010       0x18 c:/program files (x86)/atmel/studio/7.0/toolchain/avr8/avr8-gnu-toolchain/bin/../lib/gcc/avr/5.4.0/avrxmega2\libgcc.a(_cmpdi2_s8.o)
                0x00004010                __cmpdi2_s8
 .text.avr-libc
                0x00004028       0x1a c:/program files (x86)/atmel/studio/7.0/toolchain/avr8/avr8-gnu-toolchain/bin/../lib/gcc/avr/5.4.0/../../../../avr/lib/avrxmega2\libc.a(memcmp.o)
                0x00004028                memcmp
 .text.avr-libc
                0x00004042       0x12 c:/program files (x86)/atmel/studio/7.0/toolchain/avr8/avr8-gnu-toolchain/bin/../lib/gcc/avr/5.4.0/../../../../avr/lib/avrxmega2\libc.a(memcpy.o)
                0x00004042                memcpy
 .text.avr-libc
                0x00004054       0xac C:/Program Files (x86)/Atmel/Studio/7.0/Packs/atmel/XMEGAD_DFP/1.2.120/gcc/dev/atxmega32d4/avrxmega2\libatxmega32d4.a(eewr_block_xmega.o)
                0x00004054                eeprom_write_block
 .text.avr-libc
                0x00004100       0x18 C:/Program Files (x86)/Atmel/Studio/7.0/Packs/atmel/XMEGAD_DFP/1.2.120/gcc/dev/atxmega32d4/avrxmega2\libatxmega32d4.a(eerd_block.o)
                0x00004100                eeprom_read_block
 .text.libgcc.prologue
                0x00004118       0x32 c:/program files (x86)/atmel/studio/7.0/toolchain/avr8/avr8-gnu-toolchain/bin/../lib/gcc/avr/5.4.0/avrxmega2\libgcc.a(_prologue.o)
                0x00004118                __prologue_saves__
 .text.libgcc.prologue
                0x0000414a       0x30 c:/program files (x86)/atmel/studio/7.0/toolchain/avr8/avr8-gnu-toolchain/bin/../lib/gcc/avr/5.4.0/avrxmega2\libgcc.a(_epilogue.o)
                0x0000414a                __epilogue_restores__
 .text.avr-libc
                0x0000417a        0xa c:/program files (x86)/atmel/studio/7.0/toolchain/avr8/avr8-gnu-toolchain/bin/../lib/gcc/avr/5.4.0/../../../../avr/lib/avrxmega2\libc.a(abort.o)
                0x0000417a                abort
                0x00004184                . = ALIGN (0x2)
 *(.fini9)
 .fini9         0x00004184        0x0 c:/program files (x86)/atmel/studio/7.0/toolchain/avr8/avr8-gnu-toolchain/bin/../lib/gcc/avr/5.4.0/avrxmega2\libgcc.a(_exit.o)
                0x00004184                _exit
                0x00004184                exit
 *(.fini9)
 *(.fini8)
 *(.fini8)
 *(.fini7)
 *(.fini7)
 *(.fini6)
 *(.fini6)
 *(.fini5)
 *(.fini5)
 *(.fini4)
 *(.fini4)
 *(.fini3)
 *(.fini3)
 *(.fini2)
 *(.fini2)
 *(.fini1)
 *(.fini1)
 *(.fini0)
 .fini0         0x00004184        0x4 c:/program files (x86)/atmel/studio/7.0/toolchain/avr8/avr8-gnu-toolchain/bin/../lib/gcc/avr/5.4.0/avrxmega2\libgcc.a(_exit.o)
 *(.fini0)
                0x00004188                _etext = .

.data           0x00802000      0x130 load address 0x00004188
                0x00802000                PROVIDE (__data_start, .)
 *(.data)
 *(.data*)
 *(.gnu.linkonce.d*)
 *(.rodata)
 .rodata        0x00802000       0x19 Middleware/SysExProcessor.o
 *(.rodata*)
 .rodata.timbre
                0x00802019       0x26 main.o
                0x00802019                timbre
 .rodata.str1.1
                0x0080203f       0x5f Middleware/ParamXchanger.o
                                 0x65 (size before relaxing)
 .rodata.str1.1
                0x0080209e       0x3a Middleware/SysExProcessor.o
 .rodata.str1.1
                0x008020d8       0x3a Middleware/VoiceAssigner.o
                                  0xb (size before relaxing)
 .rodata.str1.1
                0x008020d8       0x28 Serial/xprintf.o
                                 0x29 (size before relaxing)
 .rodata.addrDiff
                0x00802100       0x30 YMF288/FMCtrl.o
                0x00802100                addrDiff
 *(.gnu.linkonce.r*)
                0x00802130                . = ALIGN (0x2)
                0x00802130                _edata = .
                0x00802130                PROVIDE (__data_end, .)

.bss            0x00802130      0x941
                0x00802130                PROVIDE (__bss_start, .)
 *(.bss)
 *(.bss*)
 .bss.systemExclusivePointer
                0x00802130        0x1 MIDI/MIDIParser.o
                0x00802130                systemExclusivePointer
 .bss.systemExclusiveFlag
                0x00802131        0x1 MIDI/MIDIParser.o
                0x00802131                systemExclusiveFlag
 .bss.threeBytesFlag
                0x00802132        0x1 MIDI/MIDIParser.o
                0x00802132                threeBytesFlag
 .bss.runningStatusBuffer
                0x00802133        0x1 MIDI/MIDIParser.o
                0x00802133                runningStatusBuffer
 .bss.MIDICallBack_SystemExclusive
                0x00802134        0x2 MIDI/MIDIParser.o
                0x00802134                MIDICallBack_SystemExclusive
 .bss.MIDICallBack_PitchBend
                0x00802136        0x2 MIDI/MIDIParser.o
                0x00802136                MIDICallBack_PitchBend
 .bss.MIDICallBack_ProgramChange
                0x00802138        0x2 MIDI/MIDIParser.o
                0x00802138                MIDICallBack_ProgramChange
 .bss.MIDICallBack_ControlChange
                0x0080213a        0x2 MIDI/MIDIParser.o
                0x0080213a                MIDICallBack_ControlChange
 .bss.MIDICallBack_NoteOff
                0x0080213c        0x2 MIDI/MIDIParser.o
                0x0080213c                MIDICallBack_NoteOff
 .bss.MIDICallBack_NoteOn
                0x0080213e        0x2 MIDI/MIDIParser.o
                0x0080213e                MIDICallBack_NoteOn
 .bss.strptr    0x00802140        0x2 Serial/xprintf.o
 *(COMMON)
 COMMON         0x00802142      0x2b2 Middleware/ParamXchanger.o
                0x00802142                ssgParams
                0x0080215a                nrpn
                0x0080217a                currentMap
                0x0080218a                midiParams
                0x008021fa                fmParams
                0x008023ce                rpn
                0x008023ee                rhythmVol
 COMMON         0x008023f4       0x9e Middleware/VoiceAssigner.o
                0x008023f4                voiceCount
                0x00802404                voices
                0x00802482                sustainFlag
 COMMON         0x00802492       0x43 MIDI/MIDIParser.o
                0x00802492                eventBuffer
                0x00802495                systemExclusiveBuffer
 COMMON         0x008024d5      0x208 Serial/SerialCtrl.o
                0x008024d5                MIDIBuffer
                0x008025d9                DebugBuffer
 COMMON         0x008026dd        0x4 Serial/xprintf.o
                0x008026dd                xfunc_input
                0x008026df                xfunc_output
 COMMON         0x008026e1      0x390 YMF288/TimbreMgr.o
                0x008026e1                timbre_ram
                0x00802a71                PROVIDE (__bss_end, .)
                0x00004188                __data_load_start = LOADADDR (.data)
                0x000042b8                __data_load_end = (__data_load_start + SIZEOF (.data))

.noinit         0x00802a71        0x0
                [!provide]                PROVIDE (__noinit_start, .)
 *(.noinit*)
                [!provide]                PROVIDE (__noinit_end, .)
                0x00802a71                _end = .
                [!provide]                PROVIDE (__heap_start, .)

.eeprom         0x00810000        0x0
 *(.eeprom*)
                0x00810000                __eeprom_end = .

.fuse
 *(.fuse)
 *(.lfuse)
 *(.hfuse)
 *(.efuse)

.lock
 *(.lock*)

.signature
 *(.signature*)

.user_signatures
 *(.user_signatures*)

.stab
 *(.stab)

.stabstr
 *(.stabstr)

.stab.excl
 *(.stab.excl)

.stab.exclstr
 *(.stab.exclstr)

.stab.index
 *(.stab.index)

.stab.indexstr
 *(.stab.indexstr)

.comment        0x00000000       0x30
 *(.comment)
 .comment       0x00000000       0x30 main.o
                                 0x31 (size before relaxing)
 .comment       0x00000030       0x31 Middleware/ParamXchanger.o
 .comment       0x00000030       0x31 Middleware/SysExProcessor.o
 .comment       0x00000030       0x31 Middleware/VoiceAssigner.o
 .comment       0x00000030       0x31 MIDI/MIDIParser.o
 .comment       0x00000030       0x31 Serial/SerialCtrl.o
 .comment       0x00000030       0x31 Serial/xprintf.o
 .comment       0x00000030       0x31 YMF288/BusCtrl.o
 .comment       0x00000030       0x31 YMF288/FMCtrl.o
 .comment       0x00000030       0x31 YMF288/RegCtrl.o
 .comment       0x00000030       0x31 YMF288/RhythmCtrl.o
 .comment       0x00000030       0x31 YMF288/ScaleXform.o
 .comment       0x00000030       0x31 YMF288/SSGCtrl.o
 .comment       0x00000030       0x31 YMF288/TimbreMgr.o
 .comment       0x00000030       0x31 C:/Program Files (x86)/Atmel/Studio/7.0/Packs/atmel/XMEGAD_DFP/1.2.120/gcc/dev/atxmega32d4/avrxmega2\libatxmega32d4.a(eewr_block_xmega.o)

.note.gnu.avr.deviceinfo
                0x00000000       0x40
 .note.gnu.avr.deviceinfo
                0x00000000       0x40 C:/Program Files (x86)/Atmel/Studio/7.0/Packs/atmel/XMEGAD_DFP/1.2.120/gcc/dev/atxmega32d4/avrxmega2/crtatxmega32d4.o

.note.gnu.build-id
 *(.note.gnu.build-id)

.debug
 *(.debug)

.line
 *(.line)

.debug_srcinfo
 *(.debug_srcinfo)

.debug_sfnames
 *(.debug_sfnames)

.debug_aranges  0x00000000      0x470
 *(.debug_aranges)
 .debug_aranges
                0x00000000       0x60 main.o
 .debug_aranges
                0x00000060       0x70 Middleware/ParamXchanger.o
 .debug_aranges
                0x000000d0       0x28 Middleware/SysExProcessor.o
 .debug_aranges
                0x000000f8       0x50 Middleware/VoiceAssigner.o
 .debug_aranges
                0x00000148       0x38 MIDI/MIDIParser.o
 .debug_aranges
                0x00000180       0x58 Serial/SerialCtrl.o
 .debug_aranges
                0x000001d8       0x90 Serial/xprintf.o
 .debug_aranges
                0x00000268       0x30 YMF288/BusCtrl.o
 .debug_aranges
                0x00000298       0x78 YMF288/FMCtrl.o
 .debug_aranges
                0x00000310       0x28 YMF288/RegCtrl.o
 .debug_aranges
                0x00000338       0x30 YMF288/RhythmCtrl.o
 .debug_aranges
                0x00000368       0x30 YMF288/ScaleXform.o
 .debug_aranges
                0x00000398       0x48 YMF288/SSGCtrl.o
 .debug_aranges
                0x000003e0       0x50 YMF288/TimbreMgr.o
 .debug_aranges
                0x00000430       0x20 C:/Program Files (x86)/Atmel/Studio/7.0/Packs/atmel/XMEGAD_DFP/1.2.120/gcc/dev/atxmega32d4/avrxmega2\libatxmega32d4.a(eewr_block_xmega.o)
 .debug_aranges
                0x00000450       0x20 C:/Program Files (x86)/Atmel/Studio/7.0/Packs/atmel/XMEGAD_DFP/1.2.120/gcc/dev/atxmega32d4/avrxmega2\libatxmega32d4.a(eerd_block.o)

.debug_pubnames
 *(.debug_pubnames)

.debug_info     0x00000000     0x75da
 *(.debug_info .gnu.linkonce.wi.*)
 .debug_info    0x00000000     0x1c6f C:/Program Files (x86)/Atmel/Studio/7.0/Packs/atmel/XMEGAD_DFP/1.2.120/gcc/dev/atxmega32d4/avrxmega2/crtatxmega32d4.o
 .debug_info    0x00001c6f      0xa27 main.o
 .debug_info    0x00002696      0xfd9 Middleware/ParamXchanger.o
 .debug_info    0x0000366f      0x35c Middleware/SysExProcessor.o
 .debug_info    0x000039cb      0x493 Middleware/VoiceAssigner.o
 .debug_info    0x00003e5e      0x40d MIDI/MIDIParser.o
 .debug_info    0x0000426b      0x8f0 Serial/SerialCtrl.o
 .debug_info    0x00004b5b      0xaec Serial/xprintf.o
 .debug_info    0x00005647      0x460 YMF288/BusCtrl.o
 .debug_info    0x00005aa7      0x66e YMF288/FMCtrl.o
 .debug_info    0x00006115      0x359 YMF288/RegCtrl.o
 .debug_info    0x0000646e      0x2ba YMF288/RhythmCtrl.o
 .debug_info    0x00006728      0x350 YMF288/ScaleXform.o
 .debug_info    0x00006a78      0x3b9 YMF288/SSGCtrl.o
 .debug_info    0x00006e31      0x355 YMF288/TimbreMgr.o
 .debug_info    0x00007186      0x3b3 C:/Program Files (x86)/Atmel/Studio/7.0/Packs/atmel/XMEGAD_DFP/1.2.120/gcc/dev/atxmega32d4/avrxmega2\libatxmega32d4.a(eewr_block_xmega.o)
 .debug_info    0x00007539       0xa1 C:/Program Files (x86)/Atmel/Studio/7.0/Packs/atmel/XMEGAD_DFP/1.2.120/gcc/dev/atxmega32d4/avrxmega2\libatxmega32d4.a(eerd_block.o)

.debug_abbrev   0x00000000     0x322e
 *(.debug_abbrev)
 .debug_abbrev  0x00000000     0x1aec C:/Program Files (x86)/Atmel/Studio/7.0/Packs/atmel/XMEGAD_DFP/1.2.120/gcc/dev/atxmega32d4/avrxmega2/crtatxmega32d4.o
 .debug_abbrev  0x00001aec      0x26a main.o
 .debug_abbrev  0x00001d56      0x23e Middleware/ParamXchanger.o
 .debug_abbrev  0x00001f94       0xf7 Middleware/SysExProcessor.o
 .debug_abbrev  0x0000208b      0x1a6 Middleware/VoiceAssigner.o
 .debug_abbrev  0x00002231      0x13e MIDI/MIDIParser.o
 .debug_abbrev  0x0000236f      0x222 Serial/SerialCtrl.o
 .debug_abbrev  0x00002591      0x24e Serial/xprintf.o
 .debug_abbrev  0x000027df      0x1b4 YMF288/BusCtrl.o
 .debug_abbrev  0x00002993      0x146 YMF288/FMCtrl.o
 .debug_abbrev  0x00002ad9      0x14e YMF288/RegCtrl.o
 .debug_abbrev  0x00002c27      0x13d YMF288/RhythmCtrl.o
 .debug_abbrev  0x00002d64      0x145 YMF288/ScaleXform.o
 .debug_abbrev  0x00002ea9      0x102 YMF288/SSGCtrl.o
 .debug_abbrev  0x00002fab      0x105 YMF288/TimbreMgr.o
 .debug_abbrev  0x000030b0      0x16a C:/Program Files (x86)/Atmel/Studio/7.0/Packs/atmel/XMEGAD_DFP/1.2.120/gcc/dev/atxmega32d4/avrxmega2\libatxmega32d4.a(eewr_block_xmega.o)
 .debug_abbrev  0x0000321a       0x14 C:/Program Files (x86)/Atmel/Studio/7.0/Packs/atmel/XMEGAD_DFP/1.2.120/gcc/dev/atxmega32d4/avrxmega2\libatxmega32d4.a(eerd_block.o)

.debug_line     0x00000000     0x3893
 *(.debug_line .debug_line.* .debug_line_end)
 .debug_line    0x00000000      0x2b9 C:/Program Files (x86)/Atmel/Studio/7.0/Packs/atmel/XMEGAD_DFP/1.2.120/gcc/dev/atxmega32d4/avrxmega2/crtatxmega32d4.o
 .debug_line    0x000002b9      0x3e4 main.o
 .debug_line    0x0000069d      0x785 Middleware/ParamXchanger.o
 .debug_line    0x00000e22      0x22c Middleware/SysExProcessor.o
 .debug_line    0x0000104e      0x4f1 Middleware/VoiceAssigner.o
 .debug_line    0x0000153f      0x2fa MIDI/MIDIParser.o
 .debug_line    0x00001839      0x4ed Serial/SerialCtrl.o
 .debug_line    0x00001d26      0xb0a Serial/xprintf.o
 .debug_line    0x00002830      0x264 YMF288/BusCtrl.o
 .debug_line    0x00002a94      0x3ae YMF288/FMCtrl.o
 .debug_line    0x00002e42      0x1b1 YMF288/RegCtrl.o
 .debug_line    0x00002ff3      0x1cb YMF288/RhythmCtrl.o
 .debug_line    0x000031be      0x154 YMF288/ScaleXform.o
 .debug_line    0x00003312      0x184 YMF288/SSGCtrl.o
 .debug_line    0x00003496      0x1dd YMF288/TimbreMgr.o
 .debug_line    0x00003673      0x193 C:/Program Files (x86)/Atmel/Studio/7.0/Packs/atmel/XMEGAD_DFP/1.2.120/gcc/dev/atxmega32d4/avrxmega2\libatxmega32d4.a(eewr_block_xmega.o)
 .debug_line    0x00003806       0x8d C:/Program Files (x86)/Atmel/Studio/7.0/Packs/atmel/XMEGAD_DFP/1.2.120/gcc/dev/atxmega32d4/avrxmega2\libatxmega32d4.a(eerd_block.o)

.debug_frame    0x00000000      0xc0c
 *(.debug_frame)
 .debug_frame   0x00000000       0xb4 main.o
 .debug_frame   0x000000b4      0x1f4 Middleware/ParamXchanger.o
 .debug_frame   0x000002a8       0x6c Middleware/SysExProcessor.o
 .debug_frame   0x00000314       0xd0 Middleware/VoiceAssigner.o
 .debug_frame   0x000003e4       0x70 MIDI/MIDIParser.o
 .debug_frame   0x00000454       0xf4 Serial/SerialCtrl.o
 .debug_frame   0x00000548      0x360 Serial/xprintf.o
 .debug_frame   0x000008a8       0x5c YMF288/BusCtrl.o
 .debug_frame   0x00000904       0xf0 YMF288/FMCtrl.o
 .debug_frame   0x000009f4       0x48 YMF288/RegCtrl.o
 .debug_frame   0x00000a3c       0x44 YMF288/RhythmCtrl.o
 .debug_frame   0x00000a80       0x44 YMF288/ScaleXform.o
 .debug_frame   0x00000ac4       0x8c YMF288/SSGCtrl.o
 .debug_frame   0x00000b50       0x84 YMF288/TimbreMgr.o
 .debug_frame   0x00000bd4       0x38 C:/Program Files (x86)/Atmel/Studio/7.0/Packs/atmel/XMEGAD_DFP/1.2.120/gcc/dev/atxmega32d4/avrxmega2\libatxmega32d4.a(eewr_block_xmega.o)

.debug_str      0x00000000     0x2643
 *(.debug_str)
 .debug_str     0x00000000     0x12e7 C:/Program Files (x86)/Atmel/Studio/7.0/Packs/atmel/XMEGAD_DFP/1.2.120/gcc/dev/atxmega32d4/avrxmega2/crtatxmega32d4.o
 .debug_str     0x000012e7      0x578 main.o
                                0x5be (size before relaxing)
 .debug_str     0x0000185f      0x2fc Middleware/ParamXchanger.o
                                0x552 (size before relaxing)
 .debug_str     0x00001b5b       0x7d Middleware/SysExProcessor.o
                                0x27e (size before relaxing)
 .debug_str     0x00001bd8       0xbe Middleware/VoiceAssigner.o
                                0x2c6 (size before relaxing)
 .debug_str     0x00001c96       0xd4 MIDI/MIDIParser.o
                                0x35f (size before relaxing)
 .debug_str     0x00001d6a      0x13e Serial/SerialCtrl.o
                                0x3c5 (size before relaxing)
 .debug_str     0x00001ea8       0xd3 Serial/xprintf.o
                                0x26b (size before relaxing)
 .debug_str     0x00001f7b       0x33 YMF288/BusCtrl.o
                                0x2cd (size before relaxing)
 .debug_str     0x00001fae       0x3c YMF288/FMCtrl.o
                                0x300 (size before relaxing)
 .debug_str     0x00001fea       0x1c YMF288/RegCtrl.o
                                0x238 (size before relaxing)
 .debug_str     0x00002006       0x1c YMF288/RhythmCtrl.o
                                0x28c (size before relaxing)
 .debug_str     0x00002022       0x7e YMF288/ScaleXform.o
                                0x237 (size before relaxing)
 .debug_str     0x000020a0       0x3a YMF288/SSGCtrl.o
                                0x26a (size before relaxing)
 .debug_str     0x000020da       0xa8 YMF288/TimbreMgr.o
                                0x24b (size before relaxing)
 .debug_str     0x00002182      0x4c1 C:/Program Files (x86)/Atmel/Studio/7.0/Packs/atmel/XMEGAD_DFP/1.2.120/gcc/dev/atxmega32d4/avrxmega2\libatxmega32d4.a(eewr_block_xmega.o)
                                0x5a0 (size before relaxing)

.debug_loc      0x00000000     0x52ed
 *(.debug_loc)
 .debug_loc     0x00000000      0x18d main.o
 .debug_loc     0x0000018d      0xc63 Middleware/ParamXchanger.o
 .debug_loc     0x00000df0      0x195 Middleware/SysExProcessor.o
 .debug_loc     0x00000f85      0x558 Middleware/VoiceAssigner.o
 .debug_loc     0x000014dd      0x169 MIDI/MIDIParser.o
 .debug_loc     0x00001646      0x446 Serial/SerialCtrl.o
 .debug_loc     0x00001a8c     0x1f45 Serial/xprintf.o
 .debug_loc     0x000039d1      0x1d8 YMF288/BusCtrl.o
 .debug_loc     0x00003ba9      0x82e YMF288/FMCtrl.o
 .debug_loc     0x000043d7      0x327 YMF288/RegCtrl.o
 .debug_loc     0x000046fe      0x216 YMF288/RhythmCtrl.o
 .debug_loc     0x00004914      0x32b YMF288/ScaleXform.o
 .debug_loc     0x00004c3f      0x29e YMF288/SSGCtrl.o
 .debug_loc     0x00004edd      0x29a YMF288/TimbreMgr.o
 .debug_loc     0x00005177      0x176 C:/Program Files (x86)/Atmel/Studio/7.0/Packs/atmel/XMEGAD_DFP/1.2.120/gcc/dev/atxmega32d4/avrxmega2\libatxmega32d4.a(eewr_block_xmega.o)

.debug_macinfo
 *(.debug_macinfo)

.debug_weaknames
 *(.debug_weaknames)

.debug_funcnames
 *(.debug_funcnames)

.debug_typenames
 *(.debug_typenames)

.debug_varnames
 *(.debug_varnames)

.debug_pubtypes
 *(.debug_pubtypes)

.debug_ranges   0x00000000      0x408
 *(.debug_ranges)
 .debug_ranges  0x00000000       0x50 main.o
 .debug_ranges  0x00000050       0x78 Middleware/ParamXchanger.o
 .debug_ranges  0x000000c8       0x18 Middleware/SysExProcessor.o
 .debug_ranges  0x000000e0       0xa0 Middleware/VoiceAssigner.o
 .debug_ranges  0x00000180       0x28 MIDI/MIDIParser.o
 .debug_ranges  0x000001a8       0x48 Serial/SerialCtrl.o
 .debug_ranges  0x000001f0       0x80 Serial/xprintf.o
 .debug_ranges  0x00000270       0x20 YMF288/BusCtrl.o
 .debug_ranges  0x00000290       0x68 YMF288/FMCtrl.o
 .debug_ranges  0x000002f8       0x18 YMF288/RegCtrl.o
 .debug_ranges  0x00000310       0x20 YMF288/RhythmCtrl.o
 .debug_ranges  0x00000330       0x20 YMF288/ScaleXform.o
 .debug_ranges  0x00000350       0x38 YMF288/SSGCtrl.o
 .debug_ranges  0x00000388       0x40 YMF288/TimbreMgr.o
 .debug_ranges  0x000003c8       0x40 C:/Program Files (x86)/Atmel/Studio/7.0/Packs/atmel/XMEGAD_DFP/1.2.120/gcc/dev/atxmega32d4/avrxmega2\libatxmega32d4.a(eewr_block_xmega.o)

.debug_macro
 *(.debug_macro)
OUTPUT(S2B_FW.elf elf32-avr)
LOAD linker stubs
